// Jest Snapshot v1, https://goo.gl/fbAQLP

exports[`integration - my pokemon, snapshot 1`] = `
Array [
  <h2
    className="title"
  >
    Catched Pokemon List
  </h2>,
  <code>
    Total: 
    0
  </code>,
  <div
    className="empty-layout"
  >
    <div>
      <img
        alt="pidgey"
        src="pidgey-back.png"
      />
      <h4>
        you don't have any pokemon yet
      </h4>
    </div>
  </div>,
]
`;
